******************************************************************************
                  MSP430 Linker PC v20.2.0                     
******************************************************************************
>> Linked Mon Oct  9 09:44:55 2023

OUTPUT FILE NAME:   <SWAG_BAR_V0.out>
ENTRY POINT SYMBOL: "_c_int00_noargs"  address: 0000c7dc


MEMORY CONFIGURATION

         name            origin    length      used     unused   attr    fill
----------------------  --------  ---------  --------  --------  ----  --------
  SFR                   00000000   00000010  00000000  00000010  RWIX
  PERIPHERALS_8BIT      00000010   000000f0  00000000  000000f0  RWIX
  PERIPHERALS_16BIT     00000100   00000100  00000000  00000100  RWIX
  RAM                   00000200   00000200  000000ca  00000136  RWIX
  INFOD                 00001000   00000040  00000000  00000040  RWIX
  INFOC                 00001040   00000040  00000000  00000040  RWIX
  INFOB                 00001080   00000040  00000000  00000040  RWIX
  INFOA                 000010c0   00000040  00000000  00000040  RWIX
  FLASH                 0000c000   00003fde  0000094c  00003692  RWIX
  BSLSIGNATURE          0000ffde   00000002  00000002  00000000  RWIX  ffff 
  INT00                 0000ffe0   00000002  00000002  00000000  RWIX
  INT01                 0000ffe2   00000002  00000000  00000002  RWIX
  INT02                 0000ffe4   00000002  00000002  00000000  RWIX
  INT03                 0000ffe6   00000002  00000002  00000000  RWIX
  INT04                 0000ffe8   00000002  00000000  00000002  RWIX
  INT05                 0000ffea   00000002  00000002  00000000  RWIX
  INT06                 0000ffec   00000002  00000002  00000000  RWIX
  INT07                 0000ffee   00000002  00000002  00000000  RWIX
  INT08                 0000fff0   00000002  00000002  00000000  RWIX
  INT09                 0000fff2   00000002  00000002  00000000  RWIX
  INT10                 0000fff4   00000002  00000002  00000000  RWIX
  INT11                 0000fff6   00000002  00000002  00000000  RWIX
  INT12                 0000fff8   00000002  00000002  00000000  RWIX
  INT13                 0000fffa   00000002  00000002  00000000  RWIX
  INT14                 0000fffc   00000002  00000002  00000000  RWIX
  RESET                 0000fffe   00000002  00000002  00000000  RWIX


SECTION ALLOCATION MAP

 output                                  attributes/
section   page    origin      length       input sections
--------  ----  ----------  ----------   ----------------
.bss       0    00000200    00000068     UNINITIALIZED
                  00000200    00000032     (.common:rx_data_str)
                  00000232    00000032     (.common:tx_data_str)
                  00000264    00000002     (.common:e_tx_ptr)
                  00000266    00000002     (.common:tx_ptr)

.data      0    00000268    00000012     UNINITIALIZED
                  00000268    00000010     main.obj (.data)
                  00000278    00000002     serial_handler.obj (.data)

.stack     0    000003b0    00000050     UNINITIALIZED
                  000003b0    00000002     rts430_eabi.lib : boot.c.obj (.stack)
                  000003b2    0000004e     --HOLE--

.text      0    0000c000    000008e8     
                  0000c000    00000296     main.obj (.text:serial_handler)
                  0000c296    000000d8     main.obj (.text:Timer_A1)
                  0000c36e    00000090     main.obj (.text:num2str)
                  0000c3fe    0000007e     serial_handler.obj (.text:uart_init)
                  0000c47c    0000007c     rts430_eabi.lib : copy_decompress_lzss.c.obj (.text:decompress:lzss:__TI_decompress_lzss)
                  0000c4f8    0000005a     serial_handler.obj (.text:USCI0RX_ISR)
                  0000c552    0000005a     main.obj (.text:main)
                  0000c5ac    0000004c     rts430_eabi.lib : lsr16.asm.obj (.text)
                  0000c5f8    00000044     main.obj (.text:strComp)
                  0000c63c    00000042     main.obj (.text:Port_1)
                  0000c67e    00000042     rts430_eabi.lib : autoinit.c.obj (.text:__TI_auto_init_nobinit_nopinit:__TI_auto_init_nobinit_nopinit)
                  0000c6c0    0000003e     serial_handler.obj (.text:USCI0TX_ISR)
                  0000c6fe    00000030     main.obj (.text:swapMsb)
                  0000c72e    00000030     serial_handler.obj (.text:uart_write_string)
                  0000c75e    0000002c     rts430_eabi.lib : asr16.asm.obj (.text)
                  0000c78a    0000002c                     : lsl16.asm.obj (.text)
                  0000c7b6    00000026                     : mult32.asm.obj (.text)
                  0000c7dc    0000001c                     : boot.c.obj (.text:_c_int00_noargs)
                  0000c7f8    0000001c     main.obj (.text:switch_init)
                  0000c814    00000016     main.obj (.text:led_init)
                  0000c82a    00000016     rts430_eabi.lib : div16u.asm.obj (.text)
                  0000c840    00000014                     : copy_zero_init.c.obj (.text:decompress:ZI:__TI_zero_init_nomemset:__TI_zero_init_nomemset)
                  0000c854    00000014                     : mult16.asm.obj (.text)
                  0000c868    00000014     main.obj (.text:timer_ISR_init)
                  0000c87c    00000014     serial_handler.obj (.text:uart_write_fast_string)
                  0000c890    00000012     rts430_eabi.lib : copy_decompress_none.c.obj (.text:decompress:none:__TI_decompress_none)
                  0000c8a2    00000012                     : memcpy.c.obj (.text:memcpy)
                  0000c8b4    00000010                     : lsl32.asm.obj (.text:l_lsl)
                  0000c8c4    00000010                     : epilog.asm.obj (.text)
                  0000c8d4    00000008                     : isr_trap.asm.obj (.text:_isr:__TI_ISR_TRAP)
                  0000c8dc    00000006                     : exit.c.obj (.text:abort)
                  0000c8e2    00000004                     : pre_init.c.obj (.text:_system_pre_init)
                  0000c8e6    00000002                     : startup.c.obj (.text:_system_post_cinit)

.const     0    0000c8e8    00000044     
                  0000c8e8    00000018     serial_handler.obj (.const:$P$T0$1)
                  0000c900    00000018     serial_handler.obj (.const:$P$T1$2)
                  0000c918    00000014     main.obj (.const:.string:$P$T0$1)

.cinit     0    0000c92c    00000020     
                  0000c92c    0000000d     (.cinit..data.load) [load image, compression = lzss]
                  0000c939    00000001     --HOLE-- [fill = 0]
                  0000c93a    00000006     (__TI_handler_table)
                  0000c940    00000004     (.cinit..bss.load) [load image, compression = zero_init]
                  0000c944    00000008     (__TI_cinit_table)

.binit     0    0000c000    00000000     

.init_array 
*          0    0000c000    00000000     UNINITIALIZED

TRAPINT    0    0000ffe0    00000002     
                  0000ffe0    00000002     rts430_eabi.lib : int00.asm.obj (.int00)

PORT1      0    0000ffe4    00000002     
                  0000ffe4    00000002     main.obj (.int02)

PORT2      0    0000ffe6    00000002     
                  0000ffe6    00000002     rts430_eabi.lib : int03.asm.obj (.int03)

ADC10      0    0000ffea    00000002     
                  0000ffea    00000002     rts430_eabi.lib : int05.asm.obj (.int05)

USCIAB0TX 
*          0    0000ffec    00000002     
                  0000ffec    00000002     serial_handler.obj (.int06)

USCIAB0RX 
*          0    0000ffee    00000002     
                  0000ffee    00000002     serial_handler.obj (.int07)

TIMER0_A1 
*          0    0000fff0    00000002     
                  0000fff0    00000002     rts430_eabi.lib : int08.asm.obj (.int08)

TIMER0_A0 
*          0    0000fff2    00000002     
                  0000fff2    00000002     rts430_eabi.lib : int09.asm.obj (.int09)

WDT        0    0000fff4    00000002     
                  0000fff4    00000002     rts430_eabi.lib : int10.asm.obj (.int10)

COMPARATORA 
*          0    0000fff6    00000002     
                  0000fff6    00000002     rts430_eabi.lib : int11.asm.obj (.int11)

TIMER1_A1 
*          0    0000fff8    00000002     
                  0000fff8    00000002     rts430_eabi.lib : int12.asm.obj (.int12)

TIMER1_A0 
*          0    0000fffa    00000002     
                  0000fffa    00000002     main.obj (.int13)

NMI        0    0000fffc    00000002     
                  0000fffc    00000002     rts430_eabi.lib : int14.asm.obj (.int14)

.reset     0    0000fffe    00000002     
                  0000fffe    00000002     rts430_eabi.lib : boot.c.obj (.reset)

$fill000   0    0000ffde    00000002     
                  0000ffde    00000002     --HOLE-- [fill = ffff]

MODULE SUMMARY

       Module                       code   ro data   rw data
       ------                       ----   -------   -------
    .\
       main.obj                     1364   24        16     
       serial_handler.obj           346    52        106    
    +--+----------------------------+------+---------+---------+
       Total:                       1710   76        122    
                                                            
    C:\ti\ccs1000\ccs\tools\compiler\ti-cgt-msp430_20.2.0.LTS\lib\rts430_eabi.lib
       copy_decompress_lzss.c.obj   124    0         0      
       lsr16.asm.obj                76     0         0      
       autoinit.c.obj               66     0         0      
       asr16.asm.obj                44     0         0      
       lsl16.asm.obj                44     0         0      
       mult32.asm.obj               38     0         0      
       boot.c.obj                   28     2         0      
       div16u.asm.obj               22     0         0      
       copy_zero_init.c.obj         20     0         0      
       mult16.asm.obj               20     0         0      
       copy_decompress_none.c.obj   18     0         0      
       memcpy.c.obj                 18     0         0      
       epilog.asm.obj               16     0         0      
       lsl32.asm.obj                16     0         0      
       isr_trap.asm.obj             8      0         0      
       exit.c.obj                   6      0         0      
       pre_init.c.obj               4      0         0      
       int00.asm.obj                0      2         0      
       int03.asm.obj                0      2         0      
       int05.asm.obj                0      2         0      
       int08.asm.obj                0      2         0      
       int09.asm.obj                0      2         0      
       int10.asm.obj                0      2         0      
       int11.asm.obj                0      2         0      
       int12.asm.obj                0      2         0      
       int14.asm.obj                0      2         0      
       startup.c.obj                2      0         0      
    +--+----------------------------+------+---------+---------+
       Total:                       570    20        0      
                                                            
       Stack:                       0      0         80     
       Linker Generated:            0      31        0      
    +--+----------------------------+------+---------+---------+
       Grand Total:                 2280   127       202    


LINKER GENERATED COPY TABLES

__TI_cinit_table @ 0000c944 records: 2, size/record: 4, table size: 8
	.data: load addr=0000c92c, load size=0000000d bytes, run addr=00000268, run size=00000012 bytes, compression=lzss
	.bss: load addr=0000c940, load size=00000004 bytes, run addr=00000200, run size=00000068 bytes, compression=zero_init


LINKER GENERATED HANDLER TABLE

__TI_handler_table @ 0000c93a records: 3, size/record: 2, table size: 6
	index: 0, handler: __TI_zero_init
	index: 1, handler: __TI_decompress_lzss
	index: 2, handler: __TI_decompress_none


GLOBAL SYMBOLS: SORTED ALPHABETICALLY BY Name 

address   name                          
-------   ----                          
0000004a  ADC10AE0                      
000001b0  ADC10CTL0                     
000001b2  ADC10CTL1                     
00000048  ADC10DTC0                     
00000049  ADC10DTC1                     
000001b4  ADC10MEM                      
000001bc  ADC10SA                       
00000057  BCSCTL1                       
00000058  BCSCTL2                       
00000053  BCSCTL3                       
0000c8dc  C$$EXIT                       
00000059  CACTL1                        
0000005a  CACTL2                        
000010fb  CALBC1_12MHZ                  
000010f9  CALBC1_16MHZ                  
000010ff  CALBC1_1MHZ                   
000010fd  CALBC1_8MHZ                   
000010fa  CALDCO_12MHZ                  
000010f8  CALDCO_16MHZ                  
000010fe  CALDCO_1MHZ                   
000010fc  CALDCO_8MHZ                   
0000005b  CAPD                          
00000056  DCOCTL                        
00000128  FCTL1                         
0000012a  FCTL2                         
0000012c  FCTL3                         
00000000  IE1                           
00000001  IE2                           
00000002  IFG1                          
00000003  IFG2                          
00000022  P1DIR                         
00000025  P1IE                          
00000024  P1IES                         
00000023  P1IFG                         
00000020  P1IN                          
00000021  P1OUT                         
00000027  P1REN                         
00000026  P1SEL                         
00000041  P1SEL2                        
0000002a  P2DIR                         
0000002d  P2IE                          
0000002c  P2IES                         
0000002b  P2IFG                         
00000028  P2IN                          
00000029  P2OUT                         
0000002f  P2REN                         
0000002e  P2SEL                         
00000042  P2SEL2                        
0000001a  P3DIR                         
00000018  P3IN                          
00000019  P3OUT                         
00000010  P3REN                         
0000001b  P3SEL                         
00000043  P3SEL2                        
0000c63c  Port_1                        
00000172  TA0CCR0                       
00000174  TA0CCR1                       
00000176  TA0CCR2                       
00000162  TA0CCTL0                      
00000164  TA0CCTL1                      
00000166  TA0CCTL2                      
00000160  TA0CTL                        
0000012e  TA0IV                         
00000170  TA0R                          
00000192  TA1CCR0                       
00000194  TA1CCR1                       
00000196  TA1CCR2                       
00000182  TA1CCTL0                      
00000184  TA1CCTL1                      
00000186  TA1CCTL2                      
00000180  TA1CTL                        
0000011e  TA1IV                         
00000190  TA1R                          
000010db  TLV_ADC10_1_LEN               
000010da  TLV_ADC10_1_TAG               
000010c0  TLV_CHECKSUM                  
000010f7  TLV_DCO_30_LEN                
000010f6  TLV_DCO_30_TAG                
0000c296  Timer_A1                      
0000005d  UCA0ABCTL                     
00000062  UCA0BR0                       
00000063  UCA0BR1                       
00000060  UCA0CTL0                      
00000061  UCA0CTL1                      
0000005f  UCA0IRRCTL                    
0000005e  UCA0IRTCTL                    
00000064  UCA0MCTL                      
00000066  UCA0RXBUF                     
00000065  UCA0STAT                      
00000067  UCA0TXBUF                     
0000006a  UCB0BR0                       
0000006b  UCB0BR1                       
00000068  UCB0CTL0                      
00000069  UCB0CTL1                      
0000006c  UCB0I2CIE                     
00000118  UCB0I2COA                     
0000011a  UCB0I2CSA                     
0000006e  UCB0RXBUF                     
0000006d  UCB0STAT                      
0000006f  UCB0TXBUF                     
0000c4f8  USCI0RX_ISR                   
0000c6c0  USCI0TX_ISR                   
00000120  WDTCTL                        
00000400  __STACK_END                   
00000050  __STACK_SIZE                  
0000c944  __TI_CINIT_Base               
0000c94c  __TI_CINIT_Limit              
0000c93a  __TI_Handler_Table_Base       
0000c940  __TI_Handler_Table_Limit      
0000c8d4  __TI_ISR_TRAP                 
0000c67e  __TI_auto_init_nobinit_nopinit
0000c47c  __TI_decompress_lzss          
0000c890  __TI_decompress_none          
0000ffe0  __TI_int00                    
0000ffe4  __TI_int02                    
0000ffe6  __TI_int03                    
0000ffea  __TI_int05                    
0000ffec  __TI_int06                    
0000ffee  __TI_int07                    
0000fff0  __TI_int08                    
0000fff2  __TI_int09                    
0000fff4  __TI_int10                    
0000fff6  __TI_int11                    
0000fff8  __TI_int12                    
0000fffa  __TI_int13                    
0000fffc  __TI_int14                    
ffffffff  __TI_pprof_out_hndl           
ffffffff  __TI_prof_data_size           
ffffffff  __TI_prof_data_start          
0000c840  __TI_zero_init_nomemset       
ffffffff  __c_args__                    
0000c82a  __mspabi_divu                 
0000c8d0  __mspabi_func_epilog_1        
0000c8ce  __mspabi_func_epilog_2        
0000c8cc  __mspabi_func_epilog_3        
0000c8ca  __mspabi_func_epilog_4        
0000c8c8  __mspabi_func_epilog_5        
0000c8c6  __mspabi_func_epilog_6        
0000c8c4  __mspabi_func_epilog_7        
0000c854  __mspabi_mpyi                 
0000c854  __mspabi_mpyi_sw              
0000c7b6  __mspabi_mpyl                 
0000c7b6  __mspabi_mpyl_sw              
0000c82a  __mspabi_remu                 
0000c78a  __mspabi_slli                 
0000c7b2  __mspabi_slli_1               
0000c7a0  __mspabi_slli_10              
0000c79e  __mspabi_slli_11              
0000c79c  __mspabi_slli_12              
0000c79a  __mspabi_slli_13              
0000c798  __mspabi_slli_14              
0000c796  __mspabi_slli_15              
0000c7b0  __mspabi_slli_2               
0000c7ae  __mspabi_slli_3               
0000c7ac  __mspabi_slli_4               
0000c7aa  __mspabi_slli_5               
0000c7a8  __mspabi_slli_6               
0000c7a6  __mspabi_slli_7               
0000c7a4  __mspabi_slli_8               
0000c7a2  __mspabi_slli_9               
0000c8b4  __mspabi_slll                 
0000c75e  __mspabi_srai                 
0000c786  __mspabi_srai_1               
0000c774  __mspabi_srai_10              
0000c772  __mspabi_srai_11              
0000c770  __mspabi_srai_12              
0000c76e  __mspabi_srai_13              
0000c76c  __mspabi_srai_14              
0000c76a  __mspabi_srai_15              
0000c784  __mspabi_srai_2               
0000c782  __mspabi_srai_3               
0000c780  __mspabi_srai_4               
0000c77e  __mspabi_srai_5               
0000c77c  __mspabi_srai_6               
0000c77a  __mspabi_srai_7               
0000c778  __mspabi_srai_8               
0000c776  __mspabi_srai_9               
0000c5ac  __mspabi_srli                 
0000c5f2  __mspabi_srli_1               
0000c5ce  __mspabi_srli_10              
0000c5ca  __mspabi_srli_11              
0000c5c6  __mspabi_srli_12              
0000c5c2  __mspabi_srli_13              
0000c5be  __mspabi_srli_14              
0000c5ba  __mspabi_srli_15              
0000c5ee  __mspabi_srli_2               
0000c5ea  __mspabi_srli_3               
0000c5e6  __mspabi_srli_4               
0000c5e2  __mspabi_srli_5               
0000c5de  __mspabi_srli_6               
0000c5da  __mspabi_srli_7               
0000c5d6  __mspabi_srli_8               
0000c5d2  __mspabi_srli_9               
0000c7dc  _c_int00_noargs               
0000fffe  _reset_vector                 
000003b0  _stack                        
0000c8e6  _system_post_cinit            
0000c8e2  _system_pre_init              
0000c8dc  abort                         
00000270  countDir                      
00000268  currChar                      
00000264  e_tx_ptr                      
00000279  eos_flag                      
0000026a  isrCount                      
0000026c  ledCount                      
0000026e  ledState                      
0000c814  led_init                      
0000c552  main                          
0000c8a2  memcpy                        
0000c36e  num2str                       
00000200  rx_data_str                   
00000278  rx_flag                       
0000c000  serial_handler                
0000c5f8  strComp                       
00000274  swBeg                         
00000272  swCount                       
0000c6fe  swapMsb                       
0000c7f8  switch_init                   
0000c868  timer_ISR_init                
00000232  tx_data_str                   
00000266  tx_ptr                        
00000276  uartCount                     
0000c3fe  uart_init                     
0000c87c  uart_write_fast_string        
0000c72e  uart_write_string             


GLOBAL SYMBOLS: SORTED BY Symbol Address 

address   name                          
-------   ----                          
00000000  IE1                           
00000001  IE2                           
00000002  IFG1                          
00000003  IFG2                          
00000010  P3REN                         
00000018  P3IN                          
00000019  P3OUT                         
0000001a  P3DIR                         
0000001b  P3SEL                         
00000020  P1IN                          
00000021  P1OUT                         
00000022  P1DIR                         
00000023  P1IFG                         
00000024  P1IES                         
00000025  P1IE                          
00000026  P1SEL                         
00000027  P1REN                         
00000028  P2IN                          
00000029  P2OUT                         
0000002a  P2DIR                         
0000002b  P2IFG                         
0000002c  P2IES                         
0000002d  P2IE                          
0000002e  P2SEL                         
0000002f  P2REN                         
00000041  P1SEL2                        
00000042  P2SEL2                        
00000043  P3SEL2                        
00000048  ADC10DTC0                     
00000049  ADC10DTC1                     
0000004a  ADC10AE0                      
00000050  __STACK_SIZE                  
00000053  BCSCTL3                       
00000056  DCOCTL                        
00000057  BCSCTL1                       
00000058  BCSCTL2                       
00000059  CACTL1                        
0000005a  CACTL2                        
0000005b  CAPD                          
0000005d  UCA0ABCTL                     
0000005e  UCA0IRTCTL                    
0000005f  UCA0IRRCTL                    
00000060  UCA0CTL0                      
00000061  UCA0CTL1                      
00000062  UCA0BR0                       
00000063  UCA0BR1                       
00000064  UCA0MCTL                      
00000065  UCA0STAT                      
00000066  UCA0RXBUF                     
00000067  UCA0TXBUF                     
00000068  UCB0CTL0                      
00000069  UCB0CTL1                      
0000006a  UCB0BR0                       
0000006b  UCB0BR1                       
0000006c  UCB0I2CIE                     
0000006d  UCB0STAT                      
0000006e  UCB0RXBUF                     
0000006f  UCB0TXBUF                     
00000118  UCB0I2COA                     
0000011a  UCB0I2CSA                     
0000011e  TA1IV                         
00000120  WDTCTL                        
00000128  FCTL1                         
0000012a  FCTL2                         
0000012c  FCTL3                         
0000012e  TA0IV                         
00000160  TA0CTL                        
00000162  TA0CCTL0                      
00000164  TA0CCTL1                      
00000166  TA0CCTL2                      
00000170  TA0R                          
00000172  TA0CCR0                       
00000174  TA0CCR1                       
00000176  TA0CCR2                       
00000180  TA1CTL                        
00000182  TA1CCTL0                      
00000184  TA1CCTL1                      
00000186  TA1CCTL2                      
00000190  TA1R                          
00000192  TA1CCR0                       
00000194  TA1CCR1                       
00000196  TA1CCR2                       
000001b0  ADC10CTL0                     
000001b2  ADC10CTL1                     
000001b4  ADC10MEM                      
000001bc  ADC10SA                       
00000200  rx_data_str                   
00000232  tx_data_str                   
00000264  e_tx_ptr                      
00000266  tx_ptr                        
00000268  currChar                      
0000026a  isrCount                      
0000026c  ledCount                      
0000026e  ledState                      
00000270  countDir                      
00000272  swCount                       
00000274  swBeg                         
00000276  uartCount                     
00000278  rx_flag                       
00000279  eos_flag                      
000003b0  _stack                        
00000400  __STACK_END                   
000010c0  TLV_CHECKSUM                  
000010da  TLV_ADC10_1_TAG               
000010db  TLV_ADC10_1_LEN               
000010f6  TLV_DCO_30_TAG                
000010f7  TLV_DCO_30_LEN                
000010f8  CALDCO_16MHZ                  
000010f9  CALBC1_16MHZ                  
000010fa  CALDCO_12MHZ                  
000010fb  CALBC1_12MHZ                  
000010fc  CALDCO_8MHZ                   
000010fd  CALBC1_8MHZ                   
000010fe  CALDCO_1MHZ                   
000010ff  CALBC1_1MHZ                   
0000c000  serial_handler                
0000c296  Timer_A1                      
0000c36e  num2str                       
0000c3fe  uart_init                     
0000c47c  __TI_decompress_lzss          
0000c4f8  USCI0RX_ISR                   
0000c552  main                          
0000c5ac  __mspabi_srli                 
0000c5ba  __mspabi_srli_15              
0000c5be  __mspabi_srli_14              
0000c5c2  __mspabi_srli_13              
0000c5c6  __mspabi_srli_12              
0000c5ca  __mspabi_srli_11              
0000c5ce  __mspabi_srli_10              
0000c5d2  __mspabi_srli_9               
0000c5d6  __mspabi_srli_8               
0000c5da  __mspabi_srli_7               
0000c5de  __mspabi_srli_6               
0000c5e2  __mspabi_srli_5               
0000c5e6  __mspabi_srli_4               
0000c5ea  __mspabi_srli_3               
0000c5ee  __mspabi_srli_2               
0000c5f2  __mspabi_srli_1               
0000c5f8  strComp                       
0000c63c  Port_1                        
0000c67e  __TI_auto_init_nobinit_nopinit
0000c6c0  USCI0TX_ISR                   
0000c6fe  swapMsb                       
0000c72e  uart_write_string             
0000c75e  __mspabi_srai                 
0000c76a  __mspabi_srai_15              
0000c76c  __mspabi_srai_14              
0000c76e  __mspabi_srai_13              
0000c770  __mspabi_srai_12              
0000c772  __mspabi_srai_11              
0000c774  __mspabi_srai_10              
0000c776  __mspabi_srai_9               
0000c778  __mspabi_srai_8               
0000c77a  __mspabi_srai_7               
0000c77c  __mspabi_srai_6               
0000c77e  __mspabi_srai_5               
0000c780  __mspabi_srai_4               
0000c782  __mspabi_srai_3               
0000c784  __mspabi_srai_2               
0000c786  __mspabi_srai_1               
0000c78a  __mspabi_slli                 
0000c796  __mspabi_slli_15              
0000c798  __mspabi_slli_14              
0000c79a  __mspabi_slli_13              
0000c79c  __mspabi_slli_12              
0000c79e  __mspabi_slli_11              
0000c7a0  __mspabi_slli_10              
0000c7a2  __mspabi_slli_9               
0000c7a4  __mspabi_slli_8               
0000c7a6  __mspabi_slli_7               
0000c7a8  __mspabi_slli_6               
0000c7aa  __mspabi_slli_5               
0000c7ac  __mspabi_slli_4               
0000c7ae  __mspabi_slli_3               
0000c7b0  __mspabi_slli_2               
0000c7b2  __mspabi_slli_1               
0000c7b6  __mspabi_mpyl                 
0000c7b6  __mspabi_mpyl_sw              
0000c7dc  _c_int00_noargs               
0000c7f8  switch_init                   
0000c814  led_init                      
0000c82a  __mspabi_divu                 
0000c82a  __mspabi_remu                 
0000c840  __TI_zero_init_nomemset       
0000c854  __mspabi_mpyi                 
0000c854  __mspabi_mpyi_sw              
0000c868  timer_ISR_init                
0000c87c  uart_write_fast_string        
0000c890  __TI_decompress_none          
0000c8a2  memcpy                        
0000c8b4  __mspabi_slll                 
0000c8c4  __mspabi_func_epilog_7        
0000c8c6  __mspabi_func_epilog_6        
0000c8c8  __mspabi_func_epilog_5        
0000c8ca  __mspabi_func_epilog_4        
0000c8cc  __mspabi_func_epilog_3        
0000c8ce  __mspabi_func_epilog_2        
0000c8d0  __mspabi_func_epilog_1        
0000c8d4  __TI_ISR_TRAP                 
0000c8dc  C$$EXIT                       
0000c8dc  abort                         
0000c8e2  _system_pre_init              
0000c8e6  _system_post_cinit            
0000c93a  __TI_Handler_Table_Base       
0000c940  __TI_Handler_Table_Limit      
0000c944  __TI_CINIT_Base               
0000c94c  __TI_CINIT_Limit              
0000ffe0  __TI_int00                    
0000ffe4  __TI_int02                    
0000ffe6  __TI_int03                    
0000ffea  __TI_int05                    
0000ffec  __TI_int06                    
0000ffee  __TI_int07                    
0000fff0  __TI_int08                    
0000fff2  __TI_int09                    
0000fff4  __TI_int10                    
0000fff6  __TI_int11                    
0000fff8  __TI_int12                    
0000fffa  __TI_int13                    
0000fffc  __TI_int14                    
0000fffe  _reset_vector                 
ffffffff  __TI_pprof_out_hndl           
ffffffff  __TI_prof_data_size           
ffffffff  __TI_prof_data_start          
ffffffff  __c_args__                    

[225 symbols]
